2026-07-04 17:31:38,553 - INFO - Training executing on device: cuda
2026-07-04 17:31:38,823 - 
 Starting Training Routine...
2026-07-04 17:31:38,823 - --------------------------------------------------
2026-07-04 17:31:44,690 - Epoch [01/100] | Train Loss: 0.9644 - Train Acc: 62.36% | Val Loss: 0.5930 - Val Acc: 75.35%
2026-07-04 17:31:51,201 - Epoch [02/100] | Train Loss: 0.4150 - Train Acc: 84.83% | Val Loss: 2.0483 - Val Acc: 36.80%
2026-07-04 17:31:58,705 - Epoch [03/100] | Train Loss: 0.2854 - Train Acc: 89.82% | Val Loss: 3.8457 - Val Acc: 41.33%
2026-07-04 17:32:05,892 - Epoch [04/100] | Train Loss: 0.2553 - Train Acc: 91.21% | Val Loss: 0.3542 - Val Acc: 85.30%
2026-07-04 17:32:13,515 - Epoch [05/100] | Train Loss: 0.2084 - Train Acc: 92.64% | Val Loss: 0.3596 - Val Acc: 87.93%
2026-07-04 17:32:21,276 - Epoch [06/100] | Train Loss: 0.1894 - Train Acc: 93.32% | Val Loss: 0.5424 - Val Acc: 81.49%
2026-07-04 17:32:28,856 - Epoch [07/100] | Train Loss: 0.1720 - Train Acc: 94.15% | Val Loss: 0.3671 - Val Acc: 87.42%
2026-07-04 17:32:36,350 - Epoch [08/100] | Train Loss: 0.1593 - Train Acc: 94.43% | Val Loss: 4.4129 - Val Acc: 38.04%
2026-07-04 17:32:43,195 - Epoch [09/100] | Train Loss: 0.1490 - Train Acc: 94.98% | Val Loss: 0.5754 - Val Acc: 84.86%
2026-07-04 17:32:50,189 - Epoch [10/100] | Train Loss: 0.1381 - Train Acc: 95.23% | Val Loss: 0.3705 - Val Acc: 89.83%
2026-07-04 17:32:58,878 - Epoch [11/100] | Train Loss: 0.1389 - Train Acc: 95.25% | Val Loss: 0.4314 - Val Acc: 83.61%
2026-07-04 17:33:07,305 - Epoch [12/100] | Train Loss: 0.1335 - Train Acc: 95.49% | Val Loss: 0.5008 - Val Acc: 83.03%
2026-07-04 17:33:15,552 - Epoch [13/100] | Train Loss: 0.1346 - Train Acc: 95.34% | Val Loss: 0.1069 - Val Acc: 95.98%
2026-07-04 17:33:23,294 - Epoch [14/100] | Train Loss: 0.1152 - Train Acc: 95.79% | Val Loss: 0.3070 - Val Acc: 89.17%
2026-07-04 17:33:31,141 - Epoch [15/100] | Train Loss: 0.1096 - Train Acc: 96.04% | Val Loss: 0.1104 - Val Acc: 95.68%
2026-07-04 17:33:37,952 - Epoch [16/100] | Train Loss: 0.1045 - Train Acc: 96.36% | Val Loss: 0.5850 - Val Acc: 84.56%
2026-07-04 17:33:45,633 - Epoch [17/100] | Train Loss: 0.1110 - Train Acc: 96.36% | Val Loss: 0.3458 - Val Acc: 89.76%
